[backblue.gif]
[fade.gif]
[index.html]
[luanboshiysclub.com/index.html]
[luanboshiysclub.com/static/image/common/logo.png]
[luanboshiysclub.com/portal.html]
[luanboshiysclub.com/static/image/common/background.png]
[luanboshiysclub.com/static/image/common/op.png]
[luanboshiysclub.com/static/image/common/notice.gif]
[luanboshiysclub.com/static/image/common/arrwd.gif]
[luanboshiysclub.com/static/image/common/px.png]
[luanboshiysclub.com/static/image/common/px_e.png]
[luanboshiysclub.com/static/image/common/pn.png]
[luanboshiysclub.com/static/image/common/newarow.gif]
[luanboshiysclub.com/static/image/common/oshr.png]
[luanboshiysclub.com/static/image/common/fav.gif]
[luanboshiysclub.com/static/image/common/activitysmall.gif]
[luanboshiysclub.com/static/image/common/right.gif]
[luanboshiysclub.com/static/image/common/error.gif]
[luanboshiysclub.com/static/image/common/info.gif]
[luanboshiysclub.com/static/image/common/arrow.gif]
[luanboshiysclub.com/static/image/diy/panel-toggle.png]
[luanboshiysclub.com/static/image/diy/panel-toggle-drop.png]
[luanboshiysclub.com/static/image/common/search.png]
[luanboshiysclub.com/static/image/common/nv.png]
[luanboshiysclub.com/static/image/common/nv_a.png]
[luanboshiysclub.com/static/image/common/mu_bg.png]
[luanboshiysclub.com/static/image/common/user_online.gif]
[luanboshiysclub.com/static/image/common/connect_qq.gif]
[luanboshiysclub.com/static/image/common/new_pm.gif]
[luanboshiysclub.com/static/image/feed/task.gif]
[luanboshiysclub.com/static/image/common/qmenu.png]
[luanboshiysclub.com/static/image/common/noicon.gif]
[luanboshiysclub.com/static/image/common/vlineb.png]
[luanboshiysclub.com/static/image/common/scrolltop.png]
[luanboshiysclub.com/static/image/common/titlebg.png]
[luanboshiysclub.com/static/image/common/pt_item.png]
[luanboshiysclub.com/static/image/common/flw_ico.png]
[luanboshiysclub.com/static/image/feed/friend.gif]
[luanboshiysclub.com/static/image/common/pmto.gif]
[luanboshiysclub.com/static/image/common/data_valid.gif]
[luanboshiysclub.com/static/image/common/thead.png]
[luanboshiysclub.com/static/image/common/ad.gif]
[luanboshiysclub.com/static/image/common/sortnum.png]
[luanboshiysclub.com/static/image/common/gb.gif]
[luanboshiysclub.com/static/image/common/gst.gif]
[luanboshiysclub.com/static/image/common/magic_imgbg.gif]
[luanboshiysclub.com/static/image/editor/editor.gif]
[luanboshiysclub.com/static/image/common/style_switch.png]
[luanboshiysclub.com/static/image/common/re_unsolved.gif]
[luanboshiysclub.com/static/image/common/check_error.gif]
[luanboshiysclub.com/static/image/common/check_right.gif]
[luanboshiysclub.com/static/image/common/cls.gif]
[luanboshiysclub.com/static/image/common/pm.png]
[luanboshiysclub.com/static/image/common/pm-bg1.png]
[luanboshiysclub.com/static/image/common/qa.gif]
[luanboshiysclub.com/static/image/common/qz.gif]
[luanboshiysclub.com/static/image/common/pm-bg2.png]
[luanboshiysclub.com/static/image/common/passlevel.png]
[luanboshiysclub.com/static/image/common/clck.gif]
[luanboshiysclub.com/static/image/common/dash.gif]
[luanboshiysclub.com/static/image/common/arw_r.gif]
[luanboshiysclub.com/static/image/common/arw_l.gif]
[luanboshiysclub.com/static/image/common/pg_arw.png]
[luanboshiysclub.com/static/image/common/popupcredit_bg.gif]
[luanboshiysclub.com/static/image/common/cancelbutton.gif]
[luanboshiysclub.com/static/image/common/title.png]
[luanboshiysclub.com/static/image/common/vline2.png]
[luanboshiysclub.com/static/image/common/vline.png]
[luanboshiysclub.com/static/image/common/dot.gif]
[luanboshiysclub.com/static/image/common/mu.png]
[luanboshiysclub.com/static/image/diy/bs_2_ft.png]
[luanboshiysclub.com/static/image/diy/bs_2_hd.png]
[luanboshiysclub.com/static/image/diy/bs_2_ft_r.png]
[luanboshiysclub.com/static/image/diy/bs_3_ft.png]
[luanboshiysclub.com/static/image/diy/bs_3_hd.png]
[luanboshiysclub.com/static/image/diy/bs_3_ft_r.png]
[luanboshiysclub.com/static/image/diy/bs_4_ft.png]
[luanboshiysclub.com/static/image/diy/bs_4_hd.png]
[luanboshiysclub.com/static/image/diy/bs_4_ft_r.png]
[luanboshiysclub.com/static/image/diy/bs_5_ft.png]
[luanboshiysclub.com/static/image/diy/bs_5_hd.png]
[luanboshiysclub.com/static/image/diy/bs_5_ft_r.png]
[luanboshiysclub.com/static/image/diy/bs_6_ft.png]
[luanboshiysclub.com/static/image/diy/bs_6_hd.png]
[luanboshiysclub.com/static/image/diy/bs_6_ft_r.png]
[luanboshiysclub.com/static/image/diy/bs_7_ft.png]
[luanboshiysclub.com/static/image/diy/bs_7_hd.png]
[luanboshiysclub.com/static/image/diy/bs_7_ft_r.png]
[luanboshiysclub.com/static/image/common/pollsmall.gif]
[luanboshiysclub.com/static/image/common/debatesmall.gif]
[luanboshiysclub.com/static/image/common/p_debate_chart.png]
[luanboshiysclub.com/static/image/common/tip_top.png]
[luanboshiysclub.com/static/image/common/tip_bottom.png]
[luanboshiysclub.com/static/image/common/hot.png]
[luanboshiysclub.com/static/image/common/card_btn.png]
[luanboshiysclub.com/static/image/common/pn_color.png]
[luanboshiysclub.com/data/cache/style_1_common4715.css]
[luanboshiysclub.com/static/index.html]
[luanboshiysclub.com/static/js/index.html]
[luanboshiysclub.com/static/js/common4715.js]
[luanboshiysclub.com/static/js/portal4715.js]
[luanboshiysclub.com/static/image/common/none.gif]
[luanboshiysclub.com/static/image/common/info_small.gif]
[luanboshiysclub.com/membera3c0.html]
[luanboshiysclub.com/static/js/logging4715.js]
[luanboshiysclub.com/memberbc91.html]
[luanboshiysclub.com/static/js/md54715.js]
[luanboshiysclub.com/static/image/common/collapsed_no.gif]
[luanboshiysclub.com/static/image/common/forum.gif]
[luanboshiysclub.com/forum.html]
[luanboshiysclub.com/forum130b.html]
[luanboshiysclub.com/static/image/common/create_group.png]
[luanboshiysclub.com/group.html]
[luanboshiysclub.com/static/image/feed/blog.gif]
[luanboshiysclub.com/static/image/feed/album.gif]
[luanboshiysclub.com/static/image/feed/share.gif]
[luanboshiysclub.com/static/image/feed/doing.gif]
[luanboshiysclub.com/uc_server/images/noavatar_small.gif]
[luanboshiysclub.com/home.html]
[luanboshiysclub.com/misc1ca9.html]
[luanboshiysclub.com/misc41e3.html]
[luanboshiysclub.com/home9cfc.html]
[luanboshiysclub.com/data/attachment/album/cover/c4/1.jpg]
[luanboshiysclub.com/data/attachment/album/cover/c8/2.jpg]
[luanboshiysclub.com/homea587.html]
[luanboshiysclub.com/home734e.html]
[luanboshiysclub.com/uc_server/data/avatar/000/00/09/40_avatar_small.jpg]
[luanboshiysclub.com/home0f70.html]
[luanboshiysclub.com/search38c7.html]
[luanboshiysclub.com/searche852.html]
[luanboshiysclub.com/search535f.html]
[luanboshiysclub.com/static/js/tree.js]
[luanboshiysclub.com/foruma881.html]
[luanboshiysclub.com/forum6166.php]
[luanboshiysclub.com/static/image/common/pn_post.png]
[luanboshiysclub.com/static/image/common/pin_1.gif]
[luanboshiysclub.com/static/image/common/folder_new.gif]
[luanboshiysclub.com/static/image/common/hot_2.gif]
[luanboshiysclub.com/static/image/stamp/011.small.gif]
[luanboshiysclub.com/forum7cc3.html]
[luanboshiysclub.com/forum7b02.html]
[luanboshiysclub.com/forum33f8.php]
[luanboshiysclub.com/forum56c9.html]
[luanboshiysclub.com/forumd331.html]
[luanboshiysclub.com/foruma278.php]
[luanboshiysclub.com/static/image/common/hot_1.gif]
[luanboshiysclub.com/static/image/common/agree.gif]
[luanboshiysclub.com/forum3216.html]
[luanboshiysclub.com/forum75c0.html]
[luanboshiysclub.com/forume8ff.html]
[luanboshiysclub.com/forumcd92.html]
[luanboshiysclub.com/forum54c2.php]
[luanboshiysclub.com/static/image/common/pin_2.gif]
[luanboshiysclub.com/static/image/common/digest_3.gif]
[luanboshiysclub.com/static/image/common/folder_lock.gif]
[luanboshiysclub.com/static/image/common/hot_3.gif]
[luanboshiysclub.com/forumbb85.html]
[luanboshiysclub.com/forum85ab.html]
[luanboshiysclub.com/forum00e7.html]
[luanboshiysclub.com/forum1b78.html]
[luanboshiysclub.com/forum9f45.php]
[luanboshiysclub.com/forum49d1.html]
[luanboshiysclub.com/forumdce8.html]
[luanboshiysclub.com/forum1664.php]
[luanboshiysclub.com/forum76e5.html]
[luanboshiysclub.com/static/topic/t1/images/green/dot_2.png]
[luanboshiysclub.com/static/topic/t1/images/green/title_6.png]
[luanboshiysclub.com/static/topic/t1/images/green/btn.png]
[luanboshiysclub.com/static/topic/t1/images/green/nav.png]
[luanboshiysclub.com/static/topic/t1/images/green/title_1.png]
[luanboshiysclub.com/static/topic/t1/images/green/dot_1.png]
[luanboshiysclub.com/static/topic/t1/images/green/title_2.png]
[luanboshiysclub.com/static/topic/t1/images/green/title_3.png]
[luanboshiysclub.com/static/topic/t1/images/green/dot_5.png]
[luanboshiysclub.com/static/topic/t1/images/green/title_4.png]
[luanboshiysclub.com/static/topic/t1/images/green/title_5.png]
[luanboshiysclub.com/static/topic/t1/images/green/dot_4.png]
[luanboshiysclub.com/static/topic/t1/images/green/dot_3.png]
[luanboshiysclub.com/static/topic/t1/images/green/style.css]
[luanboshiysclub.com/homee5c2.php]
[luanboshiysclub.com/uc_server/data/avatar/000/00/19/61_avatar_middle.jpg]
[luanboshiysclub.com/uc_server/data/avatar/000/04/34/38_avatar_small.jpg]
[luanboshiysclub.com/uc_server/data/avatar/000/00/32/82_avatar_small.jpg]
[luanboshiysclub.com/uc_server/data/avatar/000/01/31/16_avatar_small.jpg]
[luanboshiysclub.com/home48d6.html]
[luanboshiysclub.com/static/image/common/print.png]
[luanboshiysclub.com/static/image/common/thread-prev.png]
[luanboshiysclub.com/static/image/common/thread-next.png]
[luanboshiysclub.com/static/image/common/qq.gif]
[luanboshiysclub.com/static/image/common/userinfo.gif]
[luanboshiysclub.com/static/image/magic/showip.small.gif]
[luanboshiysclub.com/static/image/magic/checkonline.small.gif]
[luanboshiysclub.com/static/image/common/star_level3.gif]
[luanboshiysclub.com/static/image/common/fj_btn.png]
[luanboshiysclub.com/static/image/common/online_supermod.gif]
[luanboshiysclub.com/static/image/common/rec_add.gif]
[luanboshiysclub.com/static/image/common/rec_subtract.gif]
[luanboshiysclub.com/static/image/magic/bump.small.gif]
[luanboshiysclub.com/static/image/magic/stick.small.gif]
[luanboshiysclub.com/static/image/magic/close.small.gif]
[luanboshiysclub.com/static/image/magic/open.small.gif]
[luanboshiysclub.com/static/image/magic/highlight.small.gif]
[luanboshiysclub.com/static/image/magic/namepost.small.gif]
[luanboshiysclub.com/uc_server/data/avatar/000/04/34/38_avatar_middle.jpg]
[luanboshiysclub.com/static/image/common/online_member.gif]
[luanboshiysclub.com/uc_server/images/noavatar_middle.gif]
[luanboshiysclub.com/forumce32.html]
[luanboshiysclub.com/home286c.php]
[luanboshiysclub.com/home9f81.html]
[luanboshiysclub.com/uc_server/data/avatar/000/06/41/23_avatar_middle.jpg]
[luanboshiysclub.com/forum61af.html]
[luanboshiysclub.com/home35a1.php]
[luanboshiysclub.com/uc_server/data/avatar/000/06/79/43_avatar_small.jpg]
[luanboshiysclub.com/home9e66.html]
[luanboshiysclub.com/forum41f0.html]
[luanboshiysclub.com/foruma6a2.html]
[luanboshiysclub.com/forum3ed9.html]
[luanboshiysclub.com/homedc73.php]
[luanboshiysclub.com/uc_server/data/avatar/000/05/97/39_avatar_middle.jpg]
[luanboshiysclub.com/home70c4.html]
[luanboshiysclub.com/static/image/common/star_level1.gif]
[luanboshiysclub.com/static/image/common/online_admin.gif]
[luanboshiysclub.com/forume1e1.html]
[luanboshiysclub.com/home8968.php]
[luanboshiysclub.com/uc_server/data/avatar/000/05/36/79_avatar_small.jpg]
[luanboshiysclub.com/uc_server/data/avatar/000/00/01/62_avatar_small.jpg]
[luanboshiysclub.com/uc_server/data/avatar/000/05/75/17_avatar_small.jpg]
[luanboshiysclub.com/uc_server/data/avatar/000/01/34/61_avatar_small.jpg]
[luanboshiysclub.com/uc_server/data/avatar/000/00/07/68_avatar_small.jpg]
[luanboshiysclub.com/home7660.html]
[luanboshiysclub.com/forum1b52.html]
[luanboshiysclub.com/home7c79.php]
[luanboshiysclub.com/home0346.html]
[luanboshiysclub.com/forumdc7e.html]
[luanboshiysclub.com/uc_server/data/avatar/000/06/87/72_avatar_middle.jpg]
[luanboshiysclub.com/uc_server/data/avatar/000/06/31/41_avatar_middle.jpg]
[luanboshiysclub.com/forum9626.html]
[luanboshiysclub.com/home7c1f.php]
[luanboshiysclub.com/uc_server/data/avatar/000/00/02/21_avatar_middle.jpg]
[luanboshiysclub.com/home4621.html]
[luanboshiysclub.com/static/image/common/star_level2.gif]
[luanboshiysclub.com/static/image/common/online_moderator.gif]
[luanboshiysclub.com/forumf056.html]
[luanboshiysclub.com/source/plugin/mobile/template/image/iphone.jpg]
[luanboshiysclub.com/source/plugin/mobile/template/image/android.jpg]
[luanboshiysclub.com/source/plugin/mobile/template/image/wp7.jpg]
[luanboshiysclub.com/source/plugin/mobile/template/image/title_intro.jpg]
[luanboshiysclub.com/data/cache/mobile_siteqrcode.png]
[luanboshiysclub.com/miscd11a.html]
[luanboshiysclub.com/archiver/index.html]
[luanboshiysclub.com/home51e6.html]
[luanboshiysclub.com/GET.html]
[luanboshiysclub.com/POST.html]
[luanboshiysclub.com/portalc955.html]
[luanboshiysclub.com/portald146.html]
[luanboshiysclub.com/portal032c.html]
[luanboshiysclub.com/portalf659.html]
[luanboshiysclub.com/portal7f3d.html]
[luanboshiysclub.com/portal6ce2.html]
[luanboshiysclub.com/portalfeb2.html]
[luanboshiysclub.com/portal91a4.html]
[luanboshiysclub.com/portal5860.html]
[luanboshiysclub.com/portal54fa.html]
[luanboshiysclub.com/portalfffb.html]
[luanboshiysclub.com/portal092b.html]
[luanboshiysclub.com/forumb264.php]
[luanboshiysclub.com/static/js/register4715.js]
[luanboshiysclub.com/member5790.html]
[luanboshiysclub.com/homed54d.html]
[luanboshiysclub.com/member4bf3.html]
[luanboshiysclub.com/member34ec.html]
[luanboshiysclub.com/homea634.html]
[luanboshiysclub.com/static/image/common/chart.png]
[luanboshiysclub.com/data/cache/style_1_forum_index4715.css]
[luanboshiysclub.com/forum30af.php]
[luanboshiysclub.com/static/js/forum4715.js]
[luanboshiysclub.com/searchb359.html]
[luanboshiysclub.com/searchfa2e.html]
[luanboshiysclub.com/searchc8d6.html]
[luanboshiysclub.com/home131d.php]
[luanboshiysclub.com/home1002.html]
[luanboshiysclub.com/forumb26c.php]
[luanboshiysclub.com/static/image/common/folder_common.gif]
[luanboshiysclub.com/foruma9a0.html]
[luanboshiysclub.com/home65ca.php]
[luanboshiysclub.com/uc_server/data/avatar/000/00/09/40_avatar_middle.jpg]
[luanboshiysclub.com/uc_server/data/avatar/000/05/61/29_avatar_small.jpg]
[luanboshiysclub.com/uc_server/data/avatar/000/05/36/21_avatar_small.jpg]
[luanboshiysclub.com/homecdd8.html]
[luanboshiysclub.com/forumfcd6.html]
[luanboshiysclub.com/uc_server/data/avatar/000/00/70/64_avatar_middle.jpg]
[luanboshiysclub.com/uc_server/data/avatar/000/23/34/08_avatar_middle.jpg]
[luanboshiysclub.com/uc_server/data/avatar/000/00/07/68_avatar_middle.jpg]
[luanboshiysclub.com/forum4f67.html]
[luanboshiysclub.com/home4d96.php]
[luanboshiysclub.com/uc_server/data/avatar/000/02/49/28_avatar_small.jpg]
[luanboshiysclub.com/homea3c7.html]
[luanboshiysclub.com/foruma401.html]
[luanboshiysclub.com/forumc150.html]
[luanboshiysclub.com/home3625.html]
[luanboshiysclub.com/home891a.php]
[luanboshiysclub.com/home9093.html]
[luanboshiysclub.com/forum449c.html]
[luanboshiysclub.com/forumc3b6.html]
[luanboshiysclub.com/home3a5c.php]
[luanboshiysclub.com/home7269.html]
[luanboshiysclub.com/forum313d.html]
[luanboshiysclub.com/uc_server/data/avatar/000/00/89/37_avatar_middle.jpg]
[luanboshiysclub.com/static/image/smiley/default/biggrin.gif]
[luanboshiysclub.com/uc_server/data/avatar/000/01/63/18_avatar_middle.jpg]
[luanboshiysclub.com/uc_server/data/avatar/000/00/97/43_avatar_middle.jpg]
[luanboshiysclub.com/static/image/common/yahoo.gif]
[luanboshiysclub.com/static/image/common/forumlink.gif]
[luanboshiysclub.com/uc_server/data/avatar/000/05/90/36_avatar_middle.jpg]
[luanboshiysclub.com/forumc871.html]
[luanboshiysclub.com/home88ab.php]
[luanboshiysclub.com/homec9f8.html]
[luanboshiysclub.com/forumd22f.html]
[luanboshiysclub.com/forum9158.html]
[luanboshiysclub.com/home486e.php]
[luanboshiysclub.com/home3f97.html]
[luanboshiysclub.com/forumb654.php]
[luanboshiysclub.com/forum692a.html]
[luanboshiysclub.com/forumdaff.html]
[luanboshiysclub.com/homee0e6.html]
[luanboshiysclub.com/forum742a.html]
[luanboshiysclub.com/uc_server/data/avatar/000/00/12/05_avatar_middle.jpg]
[luanboshiysclub.com/forum61af-2.html]
[luanboshiysclub.com/home15b9.php]
[luanboshiysclub.com/uc_server/data/avatar/000/23/34/00_avatar_small.jpg]
[luanboshiysclub.com/home3faa.html]
[luanboshiysclub.com/photo/yjkaifan.html]
[luanboshiysclub.com/homec1c7.html]
[luanboshiysclub.com/static/image/common/fav_grey.gif]
[luanboshiysclub.com/static/image/common/feed.gif]
[luanboshiysclub.com/static/image/common/clock.gif]
[luanboshiysclub.com/static/image/common/recyclebin.gif]
[luanboshiysclub.com/static/image/common/user_add.gif]
[luanboshiysclub.com/data/cache/style_1_forum_guide4715.css]
[luanboshiysclub.com/forum1c0c.html]
[luanboshiysclub.com/forumc79e.php]
[luanboshiysclub.com/forum9d3a.html]
[luanboshiysclub.com/forum2c77.php]
[luanboshiysclub.com/static/image/filetype/common.gif]
[luanboshiysclub.com/static/image/filetype/image_s.gif]
[luanboshiysclub.com/forum109c.html]
[luanboshiysclub.com/forum7e4b.html]
[luanboshiysclub.com/uc_server/data/avatar/000/00/03/86_avatar_middle.jpg]
[luanboshiysclub.com/uc_server/data/avatar/000/02/59/79_avatar_middle.jpg]
[luanboshiysclub.com/uc_server/data/avatar/000/06/48/79_avatar_middle.jpg]
[luanboshiysclub.com/uc_server/data/avatar/000/00/04/99_avatar_middle.jpg]
[luanboshiysclub.com/uc_server/data/avatar/000/00/64/63_avatar_middle.jpg]
[luanboshiysclub.com/uc_server/data/avatar/000/00/53/41_avatar_middle.jpg]
[luanboshiysclub.com/forum7f56.html]
[luanboshiysclub.com/uc_server/data/avatar/000/00/33/98_avatar_middle.jpg]
[luanboshiysclub.com/forumf647.html]
[luanboshiysclub.com/static/image/common/taobao.gif]
[luanboshiysclub.com/uc_server/data/avatar/000/00/04/83_avatar_middle.jpg]
[luanboshiysclub.com/uc_server/data/avatar/000/01/36/23_avatar_middle.jpg]
[luanboshiysclub.com/uc_server/data/avatar/000/05/63/30_avatar_middle.jpg]
[luanboshiysclub.com/uc_server/data/avatar/000/00/03/75_avatar_middle.jpg]
[luanboshiysclub.com/uc_server/data/avatar/000/05/61/32_avatar_middle.jpg]
[luanboshiysclub.com/uc_server/data/avatar/000/00/02/82_avatar_middle.jpg]
[luanboshiysclub.com/forum056b.html]
[luanboshiysclub.com/uc_server/data/avatar/000/04/58/04_avatar_middle.jpg]
[luanboshiysclub.com/uc_server/data/avatar/000/03/05/53_avatar_middle.jpg]
[luanboshiysclub.com/uc_server/data/avatar/000/00/79/40_avatar_middle.jpg]
[luanboshiysclub.com/uc_server/data/avatar/000/00/05/19_avatar_middle.jpg]
[luanboshiysclub.com/uc_server/data/avatar/000/00/22/50_avatar_middle.jpg]
[luanboshiysclub.com/uc_server/data/avatar/000/02/61/73_avatar_middle.jpg]
[luanboshiysclub.com/forum4bc4.html]
[luanboshiysclub.com/uc_server/data/avatar/000/00/30/63_avatar_middle.jpg]
[luanboshiysclub.com/uc_server/data/avatar/000/00/46/38_avatar_middle.jpg]
[luanboshiysclub.com/uc_server/data/avatar/000/00/02/46_avatar_middle.jpg]
[luanboshiysclub.com/uc_server/data/avatar/000/05/33/27_avatar_middle.jpg]
[luanboshiysclub.com/uc_server/data/avatar/000/00/20/59_avatar_middle.jpg]
[luanboshiysclub.com/forum0aad.html]
[luanboshiysclub.com/uc_server/data/avatar/000/00/00/46_avatar_middle.jpg]
[luanboshiysclub.com/uc_server/data/avatar/000/03/30/24_avatar_middle.jpg]
[luanboshiysclub.com/uc_server/data/avatar/000/02/51/26_avatar_middle.jpg]
[luanboshiysclub.com/uc_server/data/avatar/000/04/95/75_avatar_middle.jpg]
[luanboshiysclub.com/forum3017.html]
[luanboshiysclub.com/uc_server/data/avatar/000/00/07/52_avatar_middle.jpg]
[luanboshiysclub.com/uc_server/data/avatar/000/01/86/30_avatar_middle.jpg]
[luanboshiysclub.com/uc_server/data/avatar/000/05/50/56_avatar_middle.jpg]
[luanboshiysclub.com/forumbfb3.html]
[luanboshiysclub.com/uc_server/data/avatar/000/00/70/02_avatar_middle.jpg]
[luanboshiysclub.com/uc_server/data/avatar/000/00/10/75_avatar_middle.jpg]
[luanboshiysclub.com/uc_server/data/avatar/000/00/05/18_avatar_middle.jpg]
[luanboshiysclub.com/uc_server/data/avatar/000/01/46/40_avatar_middle.jpg]
[luanboshiysclub.com/uc_server/data/avatar/000/03/65/27_avatar_middle.jpg]
[luanboshiysclub.com/uc_server/data/avatar/000/00/18/85_avatar_middle.jpg]
[luanboshiysclub.com/uc_server/data/avatar/000/00/20/18_avatar_middle.jpg]
[luanboshiysclub.com/forumb00e.html]
[luanboshiysclub.com/uc_server/data/avatar/000/00/41/32_avatar_middle.jpg]
[luanboshiysclub.com/uc_server/data/avatar/000/03/52/64_avatar_middle.jpg]
[luanboshiysclub.com/uc_server/data/avatar/000/02/77/13_avatar_middle.jpg]
[luanboshiysclub.com/uc_server/data/avatar/000/05/83/93_avatar_middle.jpg]
[luanboshiysclub.com/forum2649.html]
[luanboshiysclub.com/uc_server/data/avatar/000/05/81/21_avatar_small.jpg]
[luanboshiysclub.com/uc_server/data/avatar/000/00/02/96_avatar_small.jpg]
[luanboshiysclub.com/uc_server/data/avatar/000/02/60/66_avatar_small.jpg]
[luanboshiysclub.com/uc_server/data/avatar/000/00/44/19_avatar_middle.jpg]
[luanboshiysclub.com/uc_server/data/avatar/000/03/45/81_avatar_small.jpg]
[luanboshiysclub.com/uc_server/data/avatar/000/02/50/83_avatar_small.jpg]
[luanboshiysclub.com/forum3c75.html]
[luanboshiysclub.com/forum61c0.html]
[luanboshiysclub.com/uc_server/data/avatar/000/05/77/30_avatar_middle.jpg]
[luanboshiysclub.com/forum7e6d.html]
[luanboshiysclub.com/forumae8c.html]
[luanboshiysclub.com/forum3800.html]
[luanboshiysclub.com/uc_server/data/avatar/000/00/16/98_avatar_middle.jpg]
[luanboshiysclub.com/uc_server/data/avatar/000/02/48/57_avatar_middle.jpg]
[luanboshiysclub.com/forumba2e.html]
[luanboshiysclub.com/uc_server/data/avatar/000/06/86/78_avatar_middle.jpg]
[luanboshiysclub.com/uc_server/data/avatar/000/06/60/52_avatar_middle.jpg]
[luanboshiysclub.com/forum638c.html]
[luanboshiysclub.com/uc_server/data/avatar/000/04/05/10_avatar_middle.jpg]
[luanboshiysclub.com/uc_server/data/avatar/000/00/22/93_avatar_middle.jpg]
[luanboshiysclub.com/forum91e6.html]
[luanboshiysclub.com/forum0d5f.html]
[luanboshiysclub.com/uc_server/data/avatar/000/05/68/76_avatar_middle.jpg]
[luanboshiysclub.com/uc_server/data/avatar/000/05/00/42_avatar_middle.jpg]
[luanboshiysclub.com/uc_server/data/avatar/000/03/71/75_avatar_middle.jpg]
[luanboshiysclub.com/forume0d6.html]
[luanboshiysclub.com/uc_server/data/avatar/000/06/39/55_avatar_middle.jpg]
[luanboshiysclub.com/uc_server/data/avatar/000/06/23/90_avatar_middle.jpg]
[luanboshiysclub.com/forum20c2.html]
[luanboshiysclub.com/forume97b.html]
[luanboshiysclub.com/uc_server/data/avatar/000/02/58/93_avatar_middle.jpg]
[luanboshiysclub.com/uc_server/data/avatar/000/00/01/82_avatar_middle.jpg]
[luanboshiysclub.com/uc_server/data/avatar/000/05/15/53_avatar_middle.jpg]
[luanboshiysclub.com/uc_server/data/avatar/000/02/60/66_avatar_middle.jpg]
[luanboshiysclub.com/forumb5e6.html]
[luanboshiysclub.com/uc_server/data/avatar/000/05/22/51_avatar_middle.jpg]
[luanboshiysclub.com/uc_server/data/avatar/000/06/10/90_avatar_middle.jpg]
[luanboshiysclub.com/uc_server/data/avatar/000/00/00/90_avatar_middle.jpg]
[luanboshiysclub.com/uc_server/data/avatar/000/00/01/72_avatar_middle.jpg]
[luanboshiysclub.com/uc_server/data/avatar/000/00/44/57_avatar_middle.jpg]
[luanboshiysclub.com/forum988f.html]
[luanboshiysclub.com/uc_server/data/avatar/000/00/13/69_avatar_middle.jpg]
[luanboshiysclub.com/uc_server/data/avatar/000/00/69/53_avatar_middle.jpg]
[luanboshiysclub.com/uc_server/data/avatar/000/00/24/60_avatar_middle.jpg]
[luanboshiysclub.com/uc_server/data/avatar/000/00/03/72_avatar_middle.jpg]
[luanboshiysclub.com/forum8ef1.html]
[luanboshiysclub.com/uc_server/data/avatar/000/00/28/37_avatar_middle.jpg]
[luanboshiysclub.com/forumfe22.html]
[luanboshiysclub.com/forum22f4.html]
[luanboshiysclub.com/uc_server/data/avatar/000/06/44/70_avatar_middle.jpg]
[luanboshiysclub.com/forum4a64.html]
[luanboshiysclub.com/forum5864.html]
[luanboshiysclub.com/uc_server/data/avatar/000/02/66/07_avatar_middle.jpg]
[luanboshiysclub.com/uc_server/data/avatar/000/00/62/05_avatar_middle.jpg]
[luanboshiysclub.com/uc_server/data/avatar/000/05/16/99_avatar_middle.jpg]
[luanboshiysclub.com/uc_server/data/avatar/000/01/07/97_avatar_middle.jpg]
[luanboshiysclub.com/uc_server/data/avatar/000/04/51/80_avatar_middle.jpg]
[luanboshiysclub.com/forum747d.html]
[luanboshiysclub.com/uc_server/data/avatar/000/00/38/08_avatar_middle.jpg]
[luanboshiysclub.com/uc_server/data/avatar/000/00/39/41_avatar_middle.jpg]
[luanboshiysclub.com/uc_server/data/avatar/000/02/80/20_avatar_middle.jpg]
[luanboshiysclub.com/uc_server/data/avatar/000/05/69/35_avatar_middle.jpg]
[luanboshiysclub.com/forum7686.html]
[luanboshiysclub.com/foruma6f8.html]
[luanboshiysclub.com/forumf6c4.html]
[luanboshiysclub.com/uc_server/data/avatar/000/00/38/72_avatar_middle.jpg]
[luanboshiysclub.com/forum120b.html]
[luanboshiysclub.com/uc_server/data/avatar/000/03/82/63_avatar_middle.jpg]
[luanboshiysclub.com/uc_server/data/avatar/000/00/46/61_avatar_middle.jpg]
[luanboshiysclub.com/forum2201.html]
[luanboshiysclub.com/forumee59.html]
[luanboshiysclub.com/uc_server/data/avatar/000/00/07/18_avatar_small.jpg]
[luanboshiysclub.com/uc_server/data/avatar/000/00/21/99_avatar_small.jpg]
[luanboshiysclub.com/uc_server/data/avatar/000/05/81/40_avatar_middle.jpg]
[luanboshiysclub.com/uc_server/data/avatar/000/05/13/45_avatar_middle.jpg]
[luanboshiysclub.com/uc_server/data/avatar/000/03/25/39_avatar_middle.jpg]
[luanboshiysclub.com/uc_server/data/avatar/000/00/99/40_avatar_small.jpg]
[luanboshiysclub.com/forumfae2.html]
[luanboshiysclub.com/forum81f8.html]
[luanboshiysclub.com/forum3ae1.html]
[luanboshiysclub.com/uc_server/data/avatar/000/03/94/91_avatar_middle.jpg]
[luanboshiysclub.com/uc_server/data/avatar/000/03/01/28_avatar_middle.jpg]
[luanboshiysclub.com/static/image/smiley/default/lol.gif]
[luanboshiysclub.com/uc_server/data/avatar/000/01/26/84_avatar_middle.jpg]
[luanboshiysclub.com/uc_server/data/avatar/000/00/00/59_avatar_middle.jpg]
[luanboshiysclub.com/foruma8a8.html]
[luanboshiysclub.com/uc_server/data/avatar/000/05/79/55_avatar_middle.jpg]
[luanboshiysclub.com/uc_server/data/avatar/000/05/73/14_avatar_middle.jpg]
[luanboshiysclub.com/uc_server/data/avatar/000/05/11/82_avatar_middle.jpg]
[luanboshiysclub.com/uc_server/data/avatar/000/03/45/81_avatar_middle.jpg]
[luanboshiysclub.com/uc_server/data/avatar/000/00/11/51_avatar_middle.jpg]
[luanboshiysclub.com/uc_server/data/avatar/000/05/42/14_avatar_middle.jpg]
[luanboshiysclub.com/forum9990.html]
[luanboshiysclub.com/uc_server/data/avatar/000/00/45/53_avatar_middle.jpg]
[luanboshiysclub.com/forum3d12.html]
[luanboshiysclub.com/forum6b3f.html]
[luanboshiysclub.com/forum5b65.html]
[luanboshiysclub.com/forum20b1.html]
[luanboshiysclub.com/forum0b91.html]
[luanboshiysclub.com/uc_server/data/avatar/000/06/14/03_avatar_middle.jpg]
[luanboshiysclub.com/uc_server/data/avatar/000/02/99/09_avatar_middle.jpg]
[luanboshiysclub.com/uc_server/data/avatar/000/00/02/21_avatar_small.jpg]
[luanboshiysclub.com/uc_server/data/avatar/000/00/53/78_avatar_middle.jpg]
[luanboshiysclub.com/forum021d.html]
[luanboshiysclub.com/forumc9b5.html]
[luanboshiysclub.com/forum7fcc.html]
[luanboshiysclub.com/forum724b.html]
[luanboshiysclub.com/forum6d90.html]
[luanboshiysclub.com/forum4fc7.html]
[luanboshiysclub.com/uc_server/data/avatar/000/00/04/92_avatar_small.jpg]
[luanboshiysclub.com/forum2b5b.html]
[luanboshiysclub.com/forumdf4b.html]
[luanboshiysclub.com/forum55d0.html]
[luanboshiysclub.com/uc_server/data/avatar/000/02/73/73_avatar_middle.jpg]
[luanboshiysclub.com/forum1692.html]
[luanboshiysclub.com/forum5865.html]
[luanboshiysclub.com/uc_server/data/avatar/000/00/00/92_avatar_middle.jpg]
[luanboshiysclub.com/uc_server/data/avatar/000/00/06/46_avatar_middle.jpg]
[luanboshiysclub.com/uc_server/data/avatar/000/05/50/01_avatar_middle.jpg]
[luanboshiysclub.com/uc_server/data/avatar/000/05/42/48_avatar_middle.jpg]
[luanboshiysclub.com/uc_server/data/avatar/000/00/07/18_avatar_middle.jpg]
[luanboshiysclub.com/forum5f94.html]
[luanboshiysclub.com/forumeb1d.html]
[luanboshiysclub.com/uc_server/data/avatar/000/05/29/71_avatar_middle.jpg]
[luanboshiysclub.com/uc_server/data/avatar/000/06/55/63_avatar_middle.jpg]
[luanboshiysclub.com/uc_server/data/avatar/000/00/36/84_avatar_middle.jpg]
[luanboshiysclub.com/uc_server/data/avatar/000/05/51/47_avatar_middle.jpg]
[luanboshiysclub.com/uc_server/data/avatar/000/04/73/47_avatar_middle.jpg]
[luanboshiysclub.com/uc_server/data/avatar/000/02/85/32_avatar_middle.jpg]
[luanboshiysclub.com/foruma88f.html]
[luanboshiysclub.com/uc_server/data/avatar/000/05/26/80_avatar_middle.jpg]
[luanboshiysclub.com/uc_server/data/avatar/000/00/00/56_avatar_small.jpg]
[luanboshiysclub.com/uc_server/data/avatar/000/00/80/46_avatar_small.jpg]
[luanboshiysclub.com/uc_server/data/avatar/000/00/00/94_avatar_small.jpg]
[luanboshiysclub.com/uc_server/data/avatar/000/00/02/23_avatar_small.jpg]
[luanboshiysclub.com/uc_server/data/avatar/000/05/30/74_avatar_middle.jpg]
[luanboshiysclub.com/uc_server/data/avatar/000/05/05/46_avatar_middle.jpg]
[luanboshiysclub.com/uc_server/data/avatar/000/00/12/08_avatar_middle.jpg]
[luanboshiysclub.com/forumf67c.html]
[luanboshiysclub.com/home02c9.html]
[luanboshiysclub.com/static/image/common/tradesmall.gif]
[luanboshiysclub.com/homef7df.html]
[luanboshiysclub.com/static/image/common/rewardsmall.gif]
[luanboshiysclub.com/home7a6a.html]
[luanboshiysclub.com/home60e2.html]
[luanboshiysclub.com/home089b.html]
[luanboshiysclub.com/static/image/common/mark.png]
[luanboshiysclub.com/static/image/common/g_guide.png]
[luanboshiysclub.com/data/cache/style_1_group_index4715.css]
[luanboshiysclub.com/group0da7.html]
[luanboshiysclub.com/forumd88b.html]
[luanboshiysclub.com/home3e0f.html]
[luanboshiysclub.com/static/image/common/hotspot.gif]
[luanboshiysclub.com/static/image/common/pllb.png]
[luanboshiysclub.com/static/image/common/closed.png]
[luanboshiysclub.com/static/image/common/debate_bg.gif]
[luanboshiysclub.com/static/image/common/debate_vs.gif]
[luanboshiysclub.com/static/image/common/debate_chart.gif]
[luanboshiysclub.com/static/image/common/debate_dr.jpg]
[luanboshiysclub.com/static/image/common/tag.gif]
[luanboshiysclub.com/static/image/common/addbuddy.gif]
[luanboshiysclub.com/static/image/common/fach.gif]
[luanboshiysclub.com/static/image/common/mine_icn.png]
[luanboshiysclub.com/static/image/common/mood_input.png]
[luanboshiysclub.com/static/image/common/mood_input_btn.png]
[luanboshiysclub.com/static/image/common/slide.png]
[luanboshiysclub.com/static/image/common/cmt_ico.png]
[luanboshiysclub.com/static/image/common/polljoins.gif]
[luanboshiysclub.com/static/image/common/rwd2.gif]
[luanboshiysclub.com/static/image/common/treeline_short.gif]
[luanboshiysclub.com/static/image/common/treeline_long.gif]
[luanboshiysclub.com/static/image/common/new_pm_2.png]
[luanboshiysclub.com/static/image/common/pm_member.png]
[luanboshiysclub.com/static/image/common/connect_post_syn.png]
[luanboshiysclub.com/static/image/common/un_selector.png]
[luanboshiysclub.com/static/image/common/arrow_top.gif]
[luanboshiysclub.com/data/cache/style_1_home_space4715.css]
[luanboshiysclub.com/memberb5e7.php]
[luanboshiysclub.com/home1815.php]
[luanboshiysclub.com/homea068.php]
[luanboshiysclub.com/homed035.php]
[luanboshiysclub.com/static/js/home4715.js]
[luanboshiysclub.com/home0474.html]
[luanboshiysclub.com/home950e.html]
[luanboshiysclub.com/home533d.html]
[luanboshiysclub.com/homedba0.html]
[luanboshiysclub.com/home7203.php]
[luanboshiysclub.com/homea899.html]
[luanboshiysclub.com/home5a78.php]
[luanboshiysclub.com/home18ea.html]
[luanboshiysclub.com/home5cd5.php]
[luanboshiysclub.com/homedb13.html]
[luanboshiysclub.com/home1164.php]
[luanboshiysclub.com/homefe75.html]
[luanboshiysclub.com/home70f6.php]
[luanboshiysclub.com/homefe27.html]
[luanboshiysclub.com/home155d.php]
[luanboshiysclub.com/home3728.html]
[luanboshiysclub.com/home2794.php]
[luanboshiysclub.com/home3bd8.html]
[luanboshiysclub.com/homeb3b5.php]
[luanboshiysclub.com/homebd3b.html]
[luanboshiysclub.com/home9594.php]
[luanboshiysclub.com/home6654.html]
[luanboshiysclub.com/homefba3.php]
[luanboshiysclub.com/home7774.html]
[luanboshiysclub.com/home8dac.php]
[luanboshiysclub.com/homee076.html]
[luanboshiysclub.com/homef8bf.html]
[luanboshiysclub.com/home25f1.html]
[luanboshiysclub.com/home1d21.html]
[luanboshiysclub.com/home1643.html]
[luanboshiysclub.com/data/cache/style_1_misc_faq4715.css]
[luanboshiysclub.com/homea475.html]
[luanboshiysclub.com/static/image/common/avatar_blank.gif]
[luanboshiysclub.com/data/cache/style_1_misc_ranklist4715.css]
[luanboshiysclub.com/misc8bec.html]
[luanboshiysclub.com/misc5da8.html]
[luanboshiysclub.com/misc0b6f.html]
[luanboshiysclub.com/misc2c90.html]
[luanboshiysclub.com/misc6186.html]
[luanboshiysclub.com/miscbad4.html]
[luanboshiysclub.com/misc9238.html]
[luanboshiysclub.com/misccb8e.html]
[luanboshiysclub.com/static/image/common/rank_1.gif]
[luanboshiysclub.com/static/image/common/rank_2.gif]
[luanboshiysclub.com/static/image/common/rank_3.gif]
[luanboshiysclub.com/misc97c5.html]
[luanboshiysclub.com/misc5af9.html]
[luanboshiysclub.com/home9e13.html]
[luanboshiysclub.com/homed0c4.html]
[luanboshiysclub.com/homeb34a.html]
[luanboshiysclub.com/homef1e3.html]
[luanboshiysclub.com/home1d7c.html]
[luanboshiysclub.com/home793a.html]
[luanboshiysclub.com/home0901.html]
[luanboshiysclub.com/home9e0e.html]
[luanboshiysclub.com/home60d7.html]
[luanboshiysclub.com/home15d7.html]
[luanboshiysclub.com/home8d18.html]
[luanboshiysclub.com/data/attachment/forum/201807/19/07500053dfvhfdhvv9z9gv.jpg.thumb.jpg]
[luanboshiysclub.com/data/attachment/forum/201304/10/1340312vrdjjwnyw2vcwuw.jpg.thumb.jpg]
[luanboshiysclub.com/data/attachment/forum/201304/09/163403ft22yyzugupc2muk.jpg.thumb.jpg]
[luanboshiysclub.com/data/attachment/forum/201304/09/1009245dkg2x1m2bwt288h.jpg.thumb.jpg]
[luanboshiysclub.com/data/attachment/album/201209/07/083620ldq2godsk66tllos.jpg.thumb.jpg]
[luanboshiysclub.com/static/image/common/pic_nv_prev.gif]
[luanboshiysclub.com/static/image/common/pic_nv_next.gif]
[luanboshiysclub.com/home5721.html]
[luanboshiysclub.com/data/attachment/album/201507/01/120456uz6sz81udtwbvsbd.jpg.thumb.jpg]
[luanboshiysclub.com/data/attachment/album/201507/01/120000y9zre39ri9e9dzyz.jpg.thumb.jpg]
[luanboshiysclub.com/data/attachment/album/201409/11/204021nvhg7negilexngzl.jpg.thumb.jpg]
[luanboshiysclub.com/data/attachment/album/201409/11/204013zv39e855gm8x4x3z.jpg.thumb.jpg]
[luanboshiysclub.com/data/attachment/album/201409/11/203710kgku5w08wo1me20n.jpg.thumb.jpg]
[luanboshiysclub.com/data/attachment/album/201409/11/203454a05aa449y50x05a9.jpg.thumb.jpg]
[luanboshiysclub.com/data/attachment/album/201409/11/203239uvocl3hblfkpb3hl.jpg.thumb.jpg]
[luanboshiysclub.com/data/attachment/album/201409/11/203047u7a77r64x70xfj6a.jpg.thumb.jpg]
[luanboshiysclub.com/data/attachment/album/201409/11/202748pase4rw11war11r4.jpg.thumb.jpg]
[luanboshiysclub.com/homeee83.html]
[luanboshiysclub.com/home8e84.html]
[luanboshiysclub.com/homedc6d.html]
[luanboshiysclub.com/home85c9.html]
[luanboshiysclub.com/home2a67.html]
[luanboshiysclub.com/home0745.html]
[luanboshiysclub.com/home5353.html]
[luanboshiysclub.com/home28e0.html]
[luanboshiysclub.com/homea7ee.html]
[luanboshiysclub.com/home20f8.html]
[luanboshiysclub.com/home7ba3.html]
[luanboshiysclub.com/home7c78.html]
[luanboshiysclub.com/home7c81.html]
[luanboshiysclub.com/homef212.html]
[luanboshiysclub.com/homef1b8.html]
[luanboshiysclub.com/home41aa.html]
[luanboshiysclub.com/home1d30.html]
[luanboshiysclub.com/homedd9a.html]
[luanboshiysclub.com/homeb389.html]
[luanboshiysclub.com/homecc9b.html]
[luanboshiysclub.com/homeaeb3.html]
[luanboshiysclub.com/home47c6.html]
[luanboshiysclub.com/home26fa.html]
[luanboshiysclub.com/static/image/common/searchbar.png]
[luanboshiysclub.com/data/cache/style_1_search_forum4715.css]
[luanboshiysclub.com/membera93f.html]
[luanboshiysclub.com/homef974.html]
[luanboshiysclub.com/home5d4e.html]
[luanboshiysclub.com/homefe4a.html]
[luanboshiysclub.com/home02a9.html]
[luanboshiysclub.com/static/image/common/repquote.gif]
[luanboshiysclub.com/static/image/common/mobile-type.png]
[luanboshiysclub.com/static/image/common/mobile-type-ie6.png]
[luanboshiysclub.com/static/image/common/mobile-attach-2.png]
[luanboshiysclub.com/static/image/common/titlebg_sd.png]
[luanboshiysclub.com/static/image/common/refresh.png]
[luanboshiysclub.com/static/image/common/close-s.png]
[luanboshiysclub.com/static/image/common/atarget.png]
[luanboshiysclub.com/static/image/magic/doodle.small.gif]
[luanboshiysclub.com/static/image/common/nophototiny.png]
[luanboshiysclub.com/data/cache/style_1_forum_forumdisplay4715.css]
[luanboshiysclub.com/home02bc.html]
[luanboshiysclub.com/forum9f66.html]
[luanboshiysclub.com/forumdd2c.html]
[luanboshiysclub.com/forum2707.html]
[luanboshiysclub.com/forum8152.html]
[luanboshiysclub.com/forum4c18.html]
[luanboshiysclub.com/forumbadd.html]
[luanboshiysclub.com/forum32b8.html]
[luanboshiysclub.com/forum1266.html]
[luanboshiysclub.com/forum928c.html]
[luanboshiysclub.com/forumfb85.html]
[luanboshiysclub.com/forumdf76.html]
[luanboshiysclub.com/forum1298.html]
[luanboshiysclub.com/forume249.html]
[luanboshiysclub.com/forum4328.html]
[luanboshiysclub.com/uc_server/data/avatar/000/00/00/95_avatar_middle.jpg]
[luanboshiysclub.com/uc_server/data/avatar/000/00/07/44_avatar_middle.jpg]
[luanboshiysclub.com/uc_server/data/avatar/000/00/47/68_avatar_middle.jpg]
[luanboshiysclub.com/uc_server/data/avatar/000/00/69/57_avatar_middle.jpg]
[luanboshiysclub.com/forum0e8f.html]
[luanboshiysclub.com/uc_server/data/avatar/000/00/39/34_avatar_middle.jpg]
[luanboshiysclub.com/uc_server/data/avatar/000/00/27/58_avatar_middle.jpg]
[luanboshiysclub.com/uc_server/data/avatar/000/00/41/24_avatar_middle.jpg]
[luanboshiysclub.com/uc_server/data/avatar/000/01/90/76_avatar_middle.jpg]
[luanboshiysclub.com/uc_server/data/avatar/000/05/67/11_avatar_middle.jpg]
[luanboshiysclub.com/static/image/smiley/comcom/4.gif]
[luanboshiysclub.com/forumcae5.html]
[luanboshiysclub.com/uc_server/data/avatar/000/00/03/62_avatar_middle.jpg]
[luanboshiysclub.com/forum3277.html]
[luanboshiysclub.com/uc_server/data/avatar/000/01/31/16_avatar_middle.jpg]
[luanboshiysclub.com/uc_server/data/avatar/000/04/27/24_avatar_middle.jpg]
[luanboshiysclub.com/uc_server/data/avatar/000/05/48/32_avatar_middle.jpg]
[luanboshiysclub.com/uc_server/data/avatar/000/05/13/23_avatar_middle.jpg]
[luanboshiysclub.com/uc_server/data/avatar/000/04/72/42_avatar_middle.jpg]
[luanboshiysclub.com/uc_server/data/avatar/000/02/41/66_avatar_middle.jpg]
[luanboshiysclub.com/uc_server/data/avatar/000/05/13/07_avatar_small.jpg]
[luanboshiysclub.com/forum1045.html]
[luanboshiysclub.com/uc_server/data/avatar/000/04/92/11_avatar_middle.jpg]
[luanboshiysclub.com/uc_server/data/avatar/000/01/77/92_avatar_middle.jpg]
[luanboshiysclub.com/uc_server/data/avatar/000/04/18/46_avatar_middle.jpg]
[luanboshiysclub.com/uc_server/data/avatar/000/00/38/54_avatar_middle.jpg]
[luanboshiysclub.com/uc_server/data/avatar/000/04/92/34_avatar_middle.jpg]
[luanboshiysclub.com/forumef07.html]
[luanboshiysclub.com/uc_server/data/avatar/000/05/80/56_avatar_middle.jpg]
[luanboshiysclub.com/uc_server/data/avatar/000/05/91/12_avatar_middle.jpg]
[luanboshiysclub.com/forum7086.html]
[luanboshiysclub.com/home92b5.php]
[luanboshiysclub.com/home02b4.html]
[luanboshiysclub.com/forum5e03.html]
[luanboshiysclub.com/forum8b19.html]
[luanboshiysclub.com/forum8499.html]
[luanboshiysclub.com/uc_server/data/avatar/000/00/55/51_avatar_middle.jpg]
[luanboshiysclub.com/uc_server/data/avatar/000/06/26/30_avatar_middle.jpg]
[luanboshiysclub.com/uc_server/data/avatar/000/06/91/92_avatar_middle.jpg]
[luanboshiysclub.com/forumbd79.html]
[luanboshiysclub.com/homee7ec.php]
[luanboshiysclub.com/home286a.html]
[luanboshiysclub.com/forum04d4.html]
[luanboshiysclub.com/uc_server/data/avatar/000/00/51/80_avatar_middle.jpg]
[luanboshiysclub.com/uc_server/data/avatar/000/05/49/08_avatar_middle.jpg]
[luanboshiysclub.com/uc_server/data/avatar/000/04/95/35_avatar_middle.jpg]
[luanboshiysclub.com/forum5f10.html]
[luanboshiysclub.com/uc_server/data/avatar/000/06/31/95_avatar_middle.jpg]
[luanboshiysclub.com/uc_server/data/avatar/000/05/36/21_avatar_middle.jpg]
[luanboshiysclub.com/uc_server/data/avatar/000/06/18/24_avatar_middle.jpg]
[luanboshiysclub.com/uc_server/data/avatar/000/04/98/73_avatar_middle.jpg]
[luanboshiysclub.com/uc_server/data/avatar/000/05/61/52_avatar_middle.jpg]
[luanboshiysclub.com/forum021e.html]
[luanboshiysclub.com/uc_server/data/avatar/000/05/56/92_avatar_middle.jpg]
[luanboshiysclub.com/uc_server/data/avatar/000/00/15/59_avatar_middle.jpg]
[luanboshiysclub.com/uc_server/data/avatar/000/05/91/01_avatar_small.jpg]
[luanboshiysclub.com/forum8607.html]
[luanboshiysclub.com/home5bd2.html]
[luanboshiysclub.com/forum121c.html]
[luanboshiysclub.com/uc_server/data/avatar/000/05/97/54_avatar_middle.jpg]
[luanboshiysclub.com/static/image/smiley/comcom/23.gif]
[luanboshiysclub.com/forumf078.html]
[luanboshiysclub.com/forum68ef.html]
[luanboshiysclub.com/static/image/smiley/comcom/2.gif]
[luanboshiysclub.com/uc_server/data/avatar/000/23/10/05_avatar_middle.jpg]
[luanboshiysclub.com/uc_server/data/avatar/000/05/91/01_avatar_middle.jpg]
[luanboshiysclub.com/uc_server/data/avatar/000/00/99/40_avatar_middle.jpg]
[luanboshiysclub.com/uc_server/data/avatar/000/23/10/05_avatar_small.jpg]
[luanboshiysclub.com/forumc1b9.html]
[luanboshiysclub.com/uc_server/data/avatar/000/23/34/08_avatar_small.jpg]
[luanboshiysclub.com/forum542c.html]
[luanboshiysclub.com/home08ec.php]
[luanboshiysclub.com/home13da.html]
[luanboshiysclub.com/home28df.html]
[luanboshiysclub.com/home24c5.php]
[luanboshiysclub.com/homea838.html]
[luanboshiysclub.com/forum114c.html]
[luanboshiysclub.com/uc_server/data/avatar/000/06/30/06_avatar_middle.jpg]
[luanboshiysclub.com/uc_server/data/avatar/000/05/21/91_avatar_middle.jpg]
[luanboshiysclub.com/uc_server/data/avatar/000/00/04/32_avatar_middle.jpg]
[luanboshiysclub.com/uc_server/data/avatar/000/00/96/85_avatar_middle.jpg]
[luanboshiysclub.com/forumc374.html]
[luanboshiysclub.com/uc_server/data/avatar/000/05/97/40_avatar_middle.jpg]
[luanboshiysclub.com/forum04ae.html]
[luanboshiysclub.com/uc_server/data/avatar/000/23/34/90_avatar_middle.jpg]
[luanboshiysclub.com/forum5724.html]
[luanboshiysclub.com/home11de.php]
[luanboshiysclub.com/homec4dd.html]
[luanboshiysclub.com/forum8b01.html]
[luanboshiysclub.com/uc_server/data/avatar/000/05/73/53_avatar_middle.jpg]
[luanboshiysclub.com/uc_server/data/avatar/000/00/45/76_avatar_middle.jpg]
[luanboshiysclub.com/uc_server/data/avatar/000/05/82/42_avatar_middle.jpg]
[luanboshiysclub.com/forumcae8.html]
[luanboshiysclub.com/forum851c.html]
[luanboshiysclub.com/forumdb69.html]
[luanboshiysclub.com/forum067f.html]
[luanboshiysclub.com/homea056.html]
[luanboshiysclub.com/forumabbf.html]
[luanboshiysclub.com/uc_server/data/avatar/000/00/22/22_avatar_middle.jpg]
[luanboshiysclub.com/forum02fe.html]
[luanboshiysclub.com/home8b82.php]
[luanboshiysclub.com/home6f87.html]
[luanboshiysclub.com/homeba27.php]
[luanboshiysclub.com/home1c0a.html]
[luanboshiysclub.com/forum0c4a.html]
[luanboshiysclub.com/forum2c21.html]
[luanboshiysclub.com/home2836.php]
[luanboshiysclub.com/home14e6.html]
[luanboshiysclub.com/forum20c0.html]
[luanboshiysclub.com/uc_server/data/avatar/000/00/26/02_avatar_middle.jpg]
[luanboshiysclub.com/forumd53d.html]
[luanboshiysclub.com/forum3c32.html]
[luanboshiysclub.com/uc_server/data/avatar/000/02/55/84_avatar_middle.jpg]
[luanboshiysclub.com/forum61fd.html]
[luanboshiysclub.com/home1e20.php]
[luanboshiysclub.com/homec1e0.html]
[luanboshiysclub.com/forum5e31.html]
[luanboshiysclub.com/uc_server/data/avatar/000/00/72/35_avatar_middle.jpg]
[luanboshiysclub.com/forum343e.html]
[luanboshiysclub.com/forum4f07.html]
[luanboshiysclub.com/forum5d3d.html]
[luanboshiysclub.com/forum0c56.html]
[luanboshiysclub.com/uc_server/data/avatar/000/00/21/91_avatar_small.jpg]
[luanboshiysclub.com/forum6a9d.html]
[luanboshiysclub.com/forum6068.html]
[luanboshiysclub.com/uc_server/data/avatar/000/00/82/20_avatar_middle.jpg]
[luanboshiysclub.com/uc_server/data/avatar/000/06/21/68_avatar_middle.jpg]
[luanboshiysclub.com/forum0dca.html]
[luanboshiysclub.com/forum7d0f.html]
[luanboshiysclub.com/forum7065.html]
[luanboshiysclub.com/static/image/smiley/coolmonkey/11.gif]
[luanboshiysclub.com/forum3554.html]
[luanboshiysclub.com/forum2693.html]
[luanboshiysclub.com/forum1193.html]
[luanboshiysclub.com/homeb637.php]
[luanboshiysclub.com/home31e6.html]
[luanboshiysclub.com/forum59c0.html]
[luanboshiysclub.com/uc_server/data/avatar/000/05/89/51_avatar_middle.jpg]
[luanboshiysclub.com/uc_server/data/avatar/000/04/13/29_avatar_middle.jpg]
[luanboshiysclub.com/uc_server/data/avatar/000/05/81/21_avatar_middle.jpg]
[luanboshiysclub.com/forum3ded.html]
[luanboshiysclub.com/homefcd3.php]
[luanboshiysclub.com/homef804.html]
[luanboshiysclub.com/forum5a8d.html]
[luanboshiysclub.com/forum6827.html]
[luanboshiysclub.com/forumcd7c.html]
[luanboshiysclub.com/forumb8ab.html]
[luanboshiysclub.com/forum5f6a.html]
[luanboshiysclub.com/forum63da.html]
[luanboshiysclub.com/forum3868.html]
[luanboshiysclub.com/forumcbce.html]
[luanboshiysclub.com/forum1d1d.html]
[luanboshiysclub.com/forum580e.html]
[luanboshiysclub.com/forumb735.html]
[luanboshiysclub.com/forum62b9.html]
[luanboshiysclub.com/forumc225.html]
[luanboshiysclub.com/forumf2a8.html]
[luanboshiysclub.com/forumd326.html]
[luanboshiysclub.com/forumef03.html]
[luanboshiysclub.com/static/js/seditor4715.js]
[luanboshiysclub.com/forum1c11.html]
[luanboshiysclub.com/home3ca3.html]
[luanboshiysclub.com/homec01b.html]
[luanboshiysclub.com/home7d9f.html]
[luanboshiysclub.com/forumc26a.html]
[luanboshiysclub.com/forumd118.html]
[luanboshiysclub.com/forum70fc.html]
[luanboshiysclub.com/forumed99.html]
[luanboshiysclub.com/forum7c1b.html]
[luanboshiysclub.com/forum32c9.html]
[luanboshiysclub.com/forumea22.html]
[luanboshiysclub.com/forumd088.html]
[luanboshiysclub.com/forumcdf2.html]
[luanboshiysclub.com/foruma8d7.html]
[luanboshiysclub.com/forum95c6.html]
[luanboshiysclub.com/forum99f1.html]
[luanboshiysclub.com/forumcc52.html]
[luanboshiysclub.com/forum7a58.html]
[luanboshiysclub.com/forum80bd.html]
[luanboshiysclub.com/home2def.php]
[luanboshiysclub.com/home363d.html]
